// Jest Snapshot v1, https://goo.gl/fbAQLP

exports[`Snapshot tests Default 1`] = `null`;
